2026-02-26 23:10:37	0001A0	덕양에너젠	dart_list_error:ValueError	not_marked_processed
2026-02-26 23:10:37	0115H0	삼성스팩13호	dart_list_error:ValueError	not_marked_processed
2026-02-26 23:10:37	0004V0	엔비알모션	dart_list_error:ValueError	not_marked_processed
2026-02-26 23:10:37	493330	지에프아이	no_2024_business_report	
2026-02-26 23:10:44	490470	세미파이브	no_disclosure_from_2024	
2026-02-26 23:10:45	491000	리브스메드	no_disclosure_from_2024	
2026-02-26 23:10:45	0097F0	미래에셋비전스팩10호	dart_list_error:ValueError	not_marked_processed
2026-02-26 23:10:45	0099W0	미래에셋비전스팩11호	dart_list_error:ValueError	not_marked_processed
2026-02-26 23:10:45	0013V0	삼진식품	dart_list_error:ValueError	not_marked_processed
2026-02-26 23:10:52	0101C0	하나36호스팩	dart_list_error:ValueError	not_marked_processed
2026-02-26 23:10:52	0099X0	IBKS제25호스팩	dart_list_error:ValueError	not_marked_processed
2026-02-26 23:10:59	478340	나라스페이스테크놀로지	no_2024_business_report	
2026-02-26 23:10:59	0007C0	아크릴	dart_list_error:ValueError	not_marked_processed
2026-02-26 23:10:59	0088D0	메리츠제1호스팩	dart_list_error:ValueError	not_marked_processed
2026-02-26 23:11:00	217590	티엠씨	no_2024_business_report	
2026-02-26 23:11:00	0098T0	교보19호스팩	dart_list_error:ValueError	not_marked_processed
2026-02-26 23:11:07	466690	키움히어로제1호스팩	no_disclosure_from_2024	
2026-02-26 23:11:07	0105P0	유진스팩12호	dart_list_error:ValueError	not_marked_processed
2026-02-26 23:11:08	261520	이지스	no_disclosure_from_2024	
2026-02-26 23:11:08	0015S0	페스카로	dart_list_error:ValueError	not_marked_processed
2026-02-26 23:11:09	950250	테라뷰	no_2024_business_report	
2026-02-26 23:11:09	0054V0	엔에이치스팩32호	dart_list_error:ValueError	not_marked_processed
2026-02-26 23:11:09	0009K0	에임드바이오	dart_list_error:ValueError	not_marked_processed
2026-02-26 23:11:09	0096D0	미래에셋비전스팩9호	dart_list_error:ValueError	not_marked_processed
2026-02-26 23:11:09	0096B0	삼성스팩12호	dart_list_error:ValueError	not_marked_processed
2026-02-26 23:11:09	0093G0	미래에셋비전스팩8호	dart_list_error:ValueError	not_marked_processed
2026-02-26 23:11:09	0015N0	아로마티카	dart_list_error:ValueError	not_marked_processed
2026-02-26 23:11:09	0126Z0	삼성에피스홀딩스	dart_list_error:ValueError	not_marked_processed
2026-02-26 23:11:09	0120G0	삼양바이오팜	dart_list_error:ValueError	not_marked_processed
2026-02-26 23:11:09	0091W0	신영스팩11호	dart_list_error:ValueError	not_marked_processed
2026-02-26 23:11:09	0068Y0	비엔케이제3호스팩	dart_list_error:ValueError	not_marked_processed
2026-02-26 23:11:10	488900	비츠로넥스텍	no_disclosure_from_2024	
2026-02-26 23:11:11	388210	씨엠티엑스	no_2024_business_report	
2026-02-26 23:11:23	0015G0	그린광학	dart_list_error:ValueError	not_marked_processed
2026-02-26 23:11:24	459550	알트	no_2024_business_report	
2026-02-26 23:11:25	061090	세나테크놀로지	no_2024_business_report	
2026-02-26 23:11:26	494120	큐리오시스	no_2024_business_report	
2026-02-26 23:11:26	469610	이노테크	no_2024_business_report	
2026-02-26 23:11:27	486990	노타	no_2024_business_report	
2026-02-26 23:11:28	014950	삼익제약	no_2024_business_report	
2026-02-26 23:11:29	317450	명인제약	no_2024_business_report	
2026-02-26 23:11:29	0072Z0	KB제33호스팩	dart_list_error:ValueError	not_marked_processed
2026-02-26 23:11:29	0071M0	삼성스팩11호	dart_list_error:ValueError	not_marked_processed
2026-02-26 23:11:30	488280	에스투더블유	no_2024_business_report	
2026-02-26 23:11:31	342870	오아	no_2024_business_report	
2026-02-26 23:11:37	318060	그래피	no_2024_business_report	
2026-02-26 23:11:38	397810	애드포러스	no_2024_business_report	
2026-02-26 23:11:39	0044K0	삼성스팩10호	dart_list_error:ValueError	not_marked_processed
2026-02-26 23:11:39	0010V0	제이피아이헬스케어	dart_list_error:ValueError	not_marked_processed
2026-02-26 23:11:39	125490	한라캐스트	no_2024_business_report	
2026-02-26 23:11:39	0008Z0	에스엔시스	dart_list_error:ValueError	not_marked_processed
2026-02-26 23:11:40	484590	삼양컴텍	no_2024_business_report	
2026-02-26 23:11:40	0041B0	교보18호스팩	dart_list_error:ValueError	not_marked_processed
2026-02-26 23:11:47	309710	아이티켐	no_2024_business_report	
2026-02-26 23:11:47	0041L0	하나35호스팩	dart_list_error:ValueError	not_marked_processed
2026-02-26 23:11:48	439260	대한조선	no_2024_business_report	
2026-02-26 23:11:48	468530	프로티나	no_2024_business_report	
2026-02-26 23:11:49	475230	엔알비	no_2024_business_report	
2026-02-26 23:11:50	380550	뉴로핏	no_2024_business_report	
2026-02-26 23:11:51	484120	도우인시스	no_2024_business_report	
2026-02-26 23:11:51	0004Y0	디비금융제14호스팩	dart_list_error:ValueError	not_marked_processed
2026-02-26 23:11:51	0041J0	엘에스스팩1호	dart_list_error:ValueError	not_marked_processed
2026-02-26 23:11:52	331740	아우토크립트	no_2024_business_report	
2026-02-26 23:11:52	0030R0	대신밸류리츠	dart_list_error:ValueError	not_marked_processed
2026-02-26 23:11:53	462310	뉴키즈온	no_2024_business_report	
2026-02-26 23:11:54	234030	싸이닉솔루션	no_2024_business_report	
2026-02-26 23:11:54	0037T0	KB제32호스팩	dart_list_error:ValueError	not_marked_processed
2026-02-26 23:11:55	463020	뉴엔AI	no_2024_business_report	
2026-02-26 23:12:02	455180	케이지에이	no_2024_business_report	
2026-02-26 23:12:02	340450	지씨지놈	no_2024_business_report	
2026-02-26 23:12:09	475430	키스트론	no_2024_business_report	
2026-02-26 23:12:10	496070	신한제16호스팩	no_2024_business_report	
2026-02-26 23:12:23	489460	바이오비쥬	no_2024_business_report	
2026-02-26 23:12:24	424870	이뮨온시아	no_2024_business_report	
2026-02-26 23:12:31	125020	티씨머티리얼즈	no_2024_business_report	
2026-02-26 23:12:38	476040	오가노이드사이언스	no_2024_business_report	
2026-02-26 23:12:39	136150	원일티엔아이	no_2024_business_report	
2026-02-26 23:12:40	459510	나우로보틱스	no_2024_business_report	
2026-02-26 23:12:41	364950	에이아이코리아	no_2024_business_report	
2026-02-26 23:12:42	081180	쎄크	no_2024_business_report	
2026-02-26 23:18:02	415640	KB발해인프라	no_disclosure_from_2024	
2026-02-27 00:11:08	0001A0	덕양에너젠	dart_list_error:ValueError	not_marked_processed
2026-02-27 00:11:08	0115H0	삼성스팩13호	dart_list_error:ValueError	not_marked_processed
2026-02-27 00:11:08	0004V0	엔비알모션	dart_list_error:ValueError	not_marked_processed
2026-02-27 00:11:08	0097F0	미래에셋비전스팩10호	dart_list_error:ValueError	not_marked_processed
2026-02-27 00:11:08	0099W0	미래에셋비전스팩11호	dart_list_error:ValueError	not_marked_processed
2026-02-27 00:11:08	0013V0	삼진식품	dart_list_error:ValueError	not_marked_processed
2026-02-27 00:11:08	0101C0	하나36호스팩	dart_list_error:ValueError	not_marked_processed
2026-02-27 00:11:08	0099X0	IBKS제25호스팩	dart_list_error:ValueError	not_marked_processed
2026-02-27 00:11:08	0007C0	아크릴	dart_list_error:ValueError	not_marked_processed
2026-02-27 00:11:08	0088D0	메리츠제1호스팩	dart_list_error:ValueError	not_marked_processed
2026-02-27 00:11:08	0098T0	교보19호스팩	dart_list_error:ValueError	not_marked_processed
2026-02-27 00:11:08	0105P0	유진스팩12호	dart_list_error:ValueError	not_marked_processed
2026-02-27 00:11:08	0015S0	페스카로	dart_list_error:ValueError	not_marked_processed
2026-02-27 00:11:08	0054V0	엔에이치스팩32호	dart_list_error:ValueError	not_marked_processed
2026-02-27 00:11:08	0009K0	에임드바이오	dart_list_error:ValueError	not_marked_processed
2026-02-27 00:11:08	0096D0	미래에셋비전스팩9호	dart_list_error:ValueError	not_marked_processed
2026-02-27 00:11:08	0096B0	삼성스팩12호	dart_list_error:ValueError	not_marked_processed
2026-02-27 00:11:08	0093G0	미래에셋비전스팩8호	dart_list_error:ValueError	not_marked_processed
2026-02-27 00:11:08	0015N0	아로마티카	dart_list_error:ValueError	not_marked_processed
2026-02-27 00:11:08	0126Z0	삼성에피스홀딩스	dart_list_error:ValueError	not_marked_processed
2026-02-27 00:11:08	0120G0	삼양바이오팜	dart_list_error:ValueError	not_marked_processed
2026-02-27 00:11:08	0091W0	신영스팩11호	dart_list_error:ValueError	not_marked_processed
2026-02-27 00:11:08	0068Y0	비엔케이제3호스팩	dart_list_error:ValueError	not_marked_processed
2026-02-27 00:11:08	0015G0	그린광학	dart_list_error:ValueError	not_marked_processed
2026-02-27 00:11:08	0072Z0	KB제33호스팩	dart_list_error:ValueError	not_marked_processed
2026-02-27 00:11:08	0071M0	삼성스팩11호	dart_list_error:ValueError	not_marked_processed
2026-02-27 00:11:08	0044K0	삼성스팩10호	dart_list_error:ValueError	not_marked_processed
2026-02-27 00:11:08	0010V0	제이피아이헬스케어	dart_list_error:ValueError	not_marked_processed
2026-02-27 00:11:08	0008Z0	에스엔시스	dart_list_error:ValueError	not_marked_processed
2026-02-27 00:11:08	0041B0	교보18호스팩	dart_list_error:ValueError	not_marked_processed
2026-02-27 00:11:08	0041L0	하나35호스팩	dart_list_error:ValueError	not_marked_processed
2026-02-27 00:11:08	0004Y0	디비금융제14호스팩	dart_list_error:ValueError	not_marked_processed
2026-02-27 00:11:08	0041J0	엘에스스팩1호	dart_list_error:ValueError	not_marked_processed
2026-02-27 00:11:08	0030R0	대신밸류리츠	dart_list_error:ValueError	not_marked_processed
2026-02-27 00:11:08	0037T0	KB제32호스팩	dart_list_error:ValueError	not_marked_processed
2026-02-27 00:11:55	152550	한국ANKOR유전	no_disclosure_from_2024	
2026-02-27 00:12:12	152550	한국ANKOR유전	no_disclosure_from_2024	
2026-02-27 00:14:35	094800	맵스리얼티	no_disclosure_from_2024	
2026-02-27 00:14:58	088980	맥쿼리인프라	no_disclosure_from_2024	
2026-02-27 00:29:09	0001A0	덕양에너젠	no_disclosure_from_2024	
2026-02-27 00:29:10	0115H0	삼성스팩13호	no_disclosure_from_2024	
2026-02-27 00:29:10	0004V0	엔비알모션	no_2024_business_report	
2026-02-27 00:29:11	0097F0	미래에셋비전스팩10호	no_disclosure_from_2024	
2026-02-27 00:29:12	0099W0	미래에셋비전스팩11호	no_disclosure_from_2024	
2026-02-27 00:29:13	0013V0	삼진식품	no_disclosure_from_2024	
2026-02-27 00:29:14	0101C0	하나36호스팩	no_disclosure_from_2024	
2026-02-27 00:29:14	0099X0	IBKS제25호스팩	no_disclosure_from_2024	
2026-02-27 00:29:15	0007C0	아크릴	no_disclosure_from_2024	
2026-02-27 00:29:16	0088D0	메리츠제1호스팩	no_disclosure_from_2024	
2026-02-27 00:29:17	0098T0	교보19호스팩	no_disclosure_from_2024	
2026-02-27 00:29:18	0105P0	유진스팩12호	no_disclosure_from_2024	
2026-02-27 00:29:18	0015S0	페스카로	no_disclosure_from_2024	
2026-02-27 00:29:19	0054V0	엔에이치스팩32호	no_disclosure_from_2024	
2026-02-27 00:29:20	0009K0	에임드바이오	no_2024_business_report	
2026-02-27 00:29:21	0096D0	미래에셋비전스팩9호	no_disclosure_from_2024	
2026-02-27 00:29:21	0096B0	삼성스팩12호	no_disclosure_from_2024	
2026-02-27 00:29:22	0093G0	미래에셋비전스팩8호	no_disclosure_from_2024	
2026-02-27 00:29:23	0015N0	아로마티카	no_2024_business_report	
2026-02-27 00:29:24	0126Z0	삼성에피스홀딩스	no_disclosure_from_2024	
2026-02-27 00:29:24	0120G0	삼양바이오팜	no_disclosure_from_2024	
2026-02-27 00:29:25	0091W0	신영스팩11호	no_disclosure_from_2024	
2026-02-27 00:29:26	0068Y0	비엔케이제3호스팩	no_disclosure_from_2024	
2026-02-27 00:29:27	0015G0	그린광학	no_2024_business_report	
2026-02-27 00:29:28	0072Z0	KB제33호스팩	no_2024_business_report	
2026-02-27 00:29:28	0071M0	삼성스팩11호	no_2024_business_report	
2026-02-27 00:29:29	0044K0	삼성스팩10호	no_2024_business_report	
2026-02-27 00:29:30	0010V0	제이피아이헬스케어	no_2024_business_report	
2026-02-27 00:29:31	0008Z0	에스엔시스	no_2024_business_report	
2026-02-27 00:29:31	0041B0	교보18호스팩	no_2024_business_report	
2026-02-27 00:29:32	0041L0	하나35호스팩	no_2024_business_report	
2026-02-27 00:29:33	0004Y0	디비금융제14호스팩	no_2024_business_report	
2026-02-27 00:29:34	0041J0	엘에스스팩1호	no_2024_business_report	
2026-02-27 00:29:35	0030R0	대신밸류리츠	no_2024_business_report	
2026-02-27 00:29:35	0037T0	KB제32호스팩	no_2024_business_report	
